Using GATK jar /home/manfredi/miniforge3/envs/prnp-spikein/share/gatk4-4.5.0.0-0/gatk-package-4.5.0.0-local.jar
Running:
    java -Dsamjdk.use_async_io_read_samtools=false -Dsamjdk.use_async_io_write_samtools=true -Dsamjdk.use_async_io_write_tribble=false -Dsamjdk.compression_level=2 -Xmx8g -Djava.io.tmpdir=results2/spikein/filtermutectcalls_initial0_emit3_original.tmp.757/work/tmp -jar /home/manfredi/miniforge3/envs/prnp-spikein/share/gatk4-4.5.0.0-0/gatk-package-4.5.0.0-local.jar LearnReadOrientationModel -I results2/spikein/mutect2_initial0_emit3/f1r2/NA995A05_undil.f1r2.tar.gz -O results2/spikein/filtermutectcalls_initial0_emit3_original.tmp.757/orientation/NA995A05_undil.orientation.tar.gz --num-em-iterations 50
18:36:00.001 INFO  NativeLibraryLoader - Loading libgkl_compression.so from jar:file:/home/manfredi/miniforge3/envs/prnp-spikein/share/gatk4-4.5.0.0-0/gatk-package-4.5.0.0-local.jar!/com/intel/gkl/native/libgkl_compression.so
18:36:00.404 INFO  LearnReadOrientationModel - ------------------------------------------------------------
18:36:00.410 INFO  LearnReadOrientationModel - The Genome Analysis Toolkit (GATK) v4.5.0.0
18:36:00.411 INFO  LearnReadOrientationModel - For support and documentation go to https://software.broadinstitute.org/gatk/
18:36:00.412 INFO  LearnReadOrientationModel - Executing as manfredi@HP-MC on Linux v6.18.33.2-microsoft-standard-WSL2 amd64
18:36:00.412 INFO  LearnReadOrientationModel - Java runtime: OpenJDK 64-Bit Server VM v17.0.13-internal+0-adhoc..src
18:36:00.413 INFO  LearnReadOrientationModel - Start Date/Time: September 1, 2026 at 6:35:59 PM CEST
18:36:00.414 INFO  LearnReadOrientationModel - ------------------------------------------------------------
18:36:00.415 INFO  LearnReadOrientationModel - ------------------------------------------------------------
18:36:00.416 INFO  LearnReadOrientationModel - HTSJDK Version: 4.1.0
18:36:00.417 INFO  LearnReadOrientationModel - Picard Version: 3.1.1
18:36:00.418 INFO  LearnReadOrientationModel - Built for Spark Version: 3.5.0
18:36:00.419 INFO  LearnReadOrientationModel - HTSJDK Defaults.COMPRESSION_LEVEL : 2
18:36:00.420 INFO  LearnReadOrientationModel - HTSJDK Defaults.USE_ASYNC_IO_READ_FOR_SAMTOOLS : false
18:36:00.421 INFO  LearnReadOrientationModel - HTSJDK Defaults.USE_ASYNC_IO_WRITE_FOR_SAMTOOLS : true
18:36:00.422 INFO  LearnReadOrientationModel - HTSJDK Defaults.USE_ASYNC_IO_WRITE_FOR_TRIBBLE : false
18:36:00.423 INFO  LearnReadOrientationModel - Deflater: IntelDeflater
18:36:00.424 INFO  LearnReadOrientationModel - Inflater: IntelInflater
18:36:00.425 INFO  LearnReadOrientationModel - GCS max retries/reopens: 20
18:36:00.426 INFO  LearnReadOrientationModel - Requester pays: disabled
18:36:00.428 INFO  LearnReadOrientationModel - Initializing engine
18:36:00.428 INFO  LearnReadOrientationModel - Done initializing engine
18:36:00.438 INFO  IOUtils - Extracting data from archive: file:///mnt/c/Projects/prnp-somatic/results2/spikein/mutect2_initial0_emit3/f1r2/NA995A05_undil.f1r2.tar.gz
18:36:00.453 INFO  IOUtils - Extracting file: ./NA995A05_undil.alt_histogram
18:36:00.480 INFO  IOUtils - Extracting file: ./NA995A05_undil.alt_table
18:36:00.499 INFO  IOUtils - Extracting file: ./NA995A05_undil.ref_histogram
18:36:01.134 INFO  LearnReadOrientationModel - Context AAC: with 295 ref and 391 alt examples, EM converged in 8 steps
18:36:01.393 INFO  LearnReadOrientationModel - Context AAG: with 379 ref and 488 alt examples, EM converged in 7 steps
18:36:01.686 INFO  LearnReadOrientationModel - Context AAT: with 450 ref and 583 alt examples, EM converged in 6 steps
18:36:01.993 INFO  LearnReadOrientationModel - Context ACA: with 349 ref and 525 alt examples, EM converged in 7 steps
18:36:02.132 INFO  LearnReadOrientationModel - Context ACC: with 238 ref and 311 alt examples, EM converged in 6 steps
18:36:02.324 INFO  LearnReadOrientationModel - Context ACG: with 36 ref and 86 alt examples, EM converged in 10 steps
18:36:02.449 INFO  LearnReadOrientationModel - Context ACT: with 330 ref and 320 alt examples, EM converged in 6 steps
18:36:02.594 INFO  LearnReadOrientationModel - Context AGA: with 490 ref and 452 alt examples, EM converged in 7 steps
18:36:02.709 INFO  LearnReadOrientationModel - Context AGC: with 303 ref and 348 alt examples, EM converged in 6 steps
18:36:02.825 INFO  LearnReadOrientationModel - Context AGG: with 344 ref and 397 alt examples, EM converged in 6 steps
18:36:02.994 INFO  LearnReadOrientationModel - Context ATA: with 337 ref and 383 alt examples, EM converged in 8 steps
18:36:03.110 INFO  LearnReadOrientationModel - Context ATC: with 296 ref and 265 alt examples, EM converged in 6 steps
18:36:03.254 INFO  LearnReadOrientationModel - Context ATG: with 431 ref and 379 alt examples, EM converged in 7 steps
18:36:03.400 INFO  LearnReadOrientationModel - Context CAA: with 434 ref and 402 alt examples, EM converged in 7 steps
18:36:03.526 INFO  LearnReadOrientationModel - Context CAC: with 304 ref and 351 alt examples, EM converged in 7 steps
18:36:03.654 INFO  LearnReadOrientationModel - Context CAG: with 477 ref and 437 alt examples, EM converged in 7 steps
18:36:03.795 INFO  LearnReadOrientationModel - Context CCA: with 272 ref and 533 alt examples, EM converged in 7 steps
18:36:03.900 INFO  LearnReadOrientationModel - Context CCC: with 326 ref and 300 alt examples, EM converged in 6 steps
18:36:04.053 INFO  LearnReadOrientationModel - Context CCG: with 105 ref and 89 alt examples, EM converged in 8 steps
18:36:04.225 INFO  LearnReadOrientationModel - Context CGA: with 42 ref and 80 alt examples, EM converged in 7 steps
18:36:04.413 INFO  LearnReadOrientationModel - Context CGC: with 116 ref and 76 alt examples, EM converged in 10 steps
18:36:04.557 INFO  LearnReadOrientationModel - Context CTA: with 255 ref and 240 alt examples, EM converged in 7 steps
18:36:04.670 INFO  LearnReadOrientationModel - Context CTC: with 351 ref and 357 alt examples, EM converged in 6 steps
18:36:04.808 INFO  LearnReadOrientationModel - Context GAA: with 455 ref and 463 alt examples, EM converged in 6 steps
18:36:04.908 INFO  LearnReadOrientationModel - Context GAC: with 168 ref and 248 alt examples, EM converged in 6 steps
18:36:05.033 INFO  LearnReadOrientationModel - Context GCA: with 246 ref and 406 alt examples, EM converged in 7 steps
18:36:05.139 INFO  LearnReadOrientationModel - Context GCC: with 247 ref and 288 alt examples, EM converged in 6 steps
18:36:05.249 INFO  LearnReadOrientationModel - Context GGA: with 288 ref and 367 alt examples, EM converged in 6 steps
18:36:05.365 INFO  LearnReadOrientationModel - Context GTA: with 210 ref and 230 alt examples, EM converged in 7 steps
18:36:05.465 INFO  LearnReadOrientationModel - Context TAA: with 458 ref and 372 alt examples, EM converged in 6 steps
18:36:05.586 INFO  LearnReadOrientationModel - Context TCA: with 354 ref and 530 alt examples, EM converged in 7 steps
18:36:05.698 INFO  LearnReadOrientationModel - Context AAA: with 790 ref and 822 alt examples, EM converged in 6 steps
18:36:05.757 INFO  LearnReadOrientationModel - Shutting down engine
[September 1, 2026 at 6:36:05 PM CEST] org.broadinstitute.hellbender.tools.walkers.readorientation.LearnReadOrientationModel done. Elapsed time: 0.10 minutes.
Runtime.totalMemory()=318767104
Tool returned:
SUCCESS
Using GATK jar /home/manfredi/miniforge3/envs/prnp-spikein/share/gatk4-4.5.0.0-0/gatk-package-4.5.0.0-local.jar
Running:
    java -Dsamjdk.use_async_io_read_samtools=false -Dsamjdk.use_async_io_write_samtools=true -Dsamjdk.use_async_io_write_tribble=false -Dsamjdk.compression_level=2 -Xmx8g -Djava.io.tmpdir=results2/spikein/filtermutectcalls_initial0_emit3_original.tmp.757/work/tmp -jar /home/manfredi/miniforge3/envs/prnp-spikein/share/gatk4-4.5.0.0-0/gatk-package-4.5.0.0-local.jar FilterMutectCalls -R resources/references/snv/chr2_chr4_chr20.fasta -V results2/spikein/mutect2_initial0_emit3/vcf/NA995A05_undil.raw.vcf.gz --orientation-bias-artifact-priors results2/spikein/filtermutectcalls_initial0_emit3_original.tmp.757/orientation/NA995A05_undil.orientation.tar.gz --stats results2/spikein/mutect2_initial0_emit3/vcf/NA995A05_undil.raw.vcf.gz.stats -O results2/spikein/filtermutectcalls_initial0_emit3_original.tmp.757/filtered/NA995A05_undil.filtered.vcf.gz
18:36:08.361 INFO  NativeLibraryLoader - Loading libgkl_compression.so from jar:file:/home/manfredi/miniforge3/envs/prnp-spikein/share/gatk4-4.5.0.0-0/gatk-package-4.5.0.0-local.jar!/com/intel/gkl/native/libgkl_compression.so
18:36:08.624 INFO  FilterMutectCalls - ------------------------------------------------------------
18:36:08.628 INFO  FilterMutectCalls - The Genome Analysis Toolkit (GATK) v4.5.0.0
18:36:08.629 INFO  FilterMutectCalls - For support and documentation go to https://software.broadinstitute.org/gatk/
18:36:08.630 INFO  FilterMutectCalls - Executing as manfredi@HP-MC on Linux v6.18.33.2-microsoft-standard-WSL2 amd64
18:36:08.630 INFO  FilterMutectCalls - Java runtime: OpenJDK 64-Bit Server VM v17.0.13-internal+0-adhoc..src
18:36:08.631 INFO  FilterMutectCalls - Start Date/Time: September 1, 2026 at 6:36:08 PM CEST
18:36:08.632 INFO  FilterMutectCalls - ------------------------------------------------------------
18:36:08.633 INFO  FilterMutectCalls - ------------------------------------------------------------
18:36:08.635 INFO  FilterMutectCalls - HTSJDK Version: 4.1.0
18:36:08.636 INFO  FilterMutectCalls - Picard Version: 3.1.1
18:36:08.637 INFO  FilterMutectCalls - Built for Spark Version: 3.5.0
18:36:08.638 INFO  FilterMutectCalls - HTSJDK Defaults.COMPRESSION_LEVEL : 2
18:36:08.639 INFO  FilterMutectCalls - HTSJDK Defaults.USE_ASYNC_IO_READ_FOR_SAMTOOLS : false
18:36:08.640 INFO  FilterMutectCalls - HTSJDK Defaults.USE_ASYNC_IO_WRITE_FOR_SAMTOOLS : true
18:36:08.641 INFO  FilterMutectCalls - HTSJDK Defaults.USE_ASYNC_IO_WRITE_FOR_TRIBBLE : false
18:36:08.642 INFO  FilterMutectCalls - Deflater: IntelDeflater
18:36:08.643 INFO  FilterMutectCalls - Inflater: IntelInflater
18:36:08.644 INFO  FilterMutectCalls - GCS max retries/reopens: 20
18:36:08.644 INFO  FilterMutectCalls - Requester pays: disabled
18:36:08.645 INFO  FilterMutectCalls - Initializing engine
18:36:08.971 INFO  FeatureManager - Using codec VCFCodec to read file file:///mnt/c/Projects/prnp-somatic/results2/spikein/mutect2_initial0_emit3/vcf/NA995A05_undil.raw.vcf.gz
18:36:09.040 INFO  FilterMutectCalls - Done initializing engine
18:36:09.130 INFO  IOUtils - Extracting data from archive: file:///mnt/c/Projects/prnp-somatic/results2/spikein/filtermutectcalls_initial0_emit3_original.tmp.757/orientation/NA995A05_undil.orientation.tar.gz
18:36:09.142 INFO  IOUtils - Extracting file: ./NA995A05_undil.orientation_priors
18:36:09.217 INFO  ProgressMeter - Starting traversal
18:36:09.218 INFO  ProgressMeter -        Current Locus  Elapsed Minutes    Variants Processed  Variants/Minute
18:36:09.220 INFO  FilterMutectCalls - Starting pass 0 through the variants
18:36:09.779 INFO  FilterMutectCalls - Finished pass 0 through the variants
18:36:09.831 INFO  FilterMutectCalls - Starting pass 1 through the variants
18:36:10.112 INFO  FilterMutectCalls - Finished pass 1 through the variants
18:36:10.132 INFO  FilterMutectCalls - Starting pass 2 through the variants
18:36:10.354 INFO  FilterMutectCalls - Finished pass 2 through the variants
18:36:10.355 INFO  FilterMutectCalls - Starting pass 3 through the variants
18:36:10.620 INFO  FilterMutectCalls - Finished pass 3 through the variants
18:36:10.636 INFO  FilterMutectCalls - No variants filtered by: AllowAllVariantsVariantFilter
18:36:10.638 INFO  FilterMutectCalls - 0 read(s) filtered by: AllowAllReadsReadFilter 

18:36:10.640 INFO  ProgressMeter -             unmapped              0.0                   252          10640.4
18:36:10.641 INFO  ProgressMeter - Traversal complete. Processed 252 total variants in 0.0 minutes.
18:36:10.703 INFO  FilterMutectCalls - Shutting down engine
[September 1, 2026 at 6:36:10 PM CEST] org.broadinstitute.hellbender.tools.walkers.mutect.filtering.FilterMutectCalls done. Elapsed time: 0.04 minutes.
Runtime.totalMemory()=125829120
Using GATK jar /home/manfredi/miniforge3/envs/prnp-spikein/share/gatk4-4.5.0.0-0/gatk-package-4.5.0.0-local.jar
Running:
    java -Dsamjdk.use_async_io_read_samtools=false -Dsamjdk.use_async_io_write_samtools=true -Dsamjdk.use_async_io_write_tribble=false -Dsamjdk.compression_level=2 -Xmx8g -Djava.io.tmpdir=results2/spikein/filtermutectcalls_initial0_emit3_original.tmp.757/work/tmp -jar /home/manfredi/miniforge3/envs/prnp-spikein/share/gatk4-4.5.0.0-0/gatk-package-4.5.0.0-local.jar LearnReadOrientationModel -I results2/spikein/mutect2_initial0_emit3/f1r2/NA99A1_undil.f1r2.tar.gz -O results2/spikein/filtermutectcalls_initial0_emit3_original.tmp.757/orientation/NA99A1_undil.orientation.tar.gz --num-em-iterations 50
18:36:14.569 INFO  NativeLibraryLoader - Loading libgkl_compression.so from jar:file:/home/manfredi/miniforge3/envs/prnp-spikein/share/gatk4-4.5.0.0-0/gatk-package-4.5.0.0-local.jar!/com/intel/gkl/native/libgkl_compression.so
18:36:14.853 INFO  LearnReadOrientationModel - ------------------------------------------------------------
18:36:14.858 INFO  LearnReadOrientationModel - The Genome Analysis Toolkit (GATK) v4.5.0.0
18:36:14.859 INFO  LearnReadOrientationModel - For support and documentation go to https://software.broadinstitute.org/gatk/
18:36:14.860 INFO  LearnReadOrientationModel - Executing as manfredi@HP-MC on Linux v6.18.33.2-microsoft-standard-WSL2 amd64
18:36:14.861 INFO  LearnReadOrientationModel - Java runtime: OpenJDK 64-Bit Server VM v17.0.13-internal+0-adhoc..src
18:36:14.862 INFO  LearnReadOrientationModel - Start Date/Time: September 1, 2026 at 6:36:14 PM CEST
18:36:14.863 INFO  LearnReadOrientationModel - ------------------------------------------------------------
18:36:14.863 INFO  LearnReadOrientationModel - ------------------------------------------------------------
18:36:14.865 INFO  LearnReadOrientationModel - HTSJDK Version: 4.1.0
18:36:14.866 INFO  LearnReadOrientationModel - Picard Version: 3.1.1
18:36:14.867 INFO  LearnReadOrientationModel - Built for Spark Version: 3.5.0
18:36:14.868 INFO  LearnReadOrientationModel - HTSJDK Defaults.COMPRESSION_LEVEL : 2
18:36:14.869 INFO  LearnReadOrientationModel - HTSJDK Defaults.USE_ASYNC_IO_READ_FOR_SAMTOOLS : false
18:36:14.870 INFO  LearnReadOrientationModel - HTSJDK Defaults.USE_ASYNC_IO_WRITE_FOR_SAMTOOLS : true
18:36:14.872 INFO  LearnReadOrientationModel - HTSJDK Defaults.USE_ASYNC_IO_WRITE_FOR_TRIBBLE : false
18:36:14.873 INFO  LearnReadOrientationModel - Deflater: IntelDeflater
18:36:14.874 INFO  LearnReadOrientationModel - Inflater: IntelInflater
18:36:14.875 INFO  LearnReadOrientationModel - GCS max retries/reopens: 20
18:36:14.876 INFO  LearnReadOrientationModel - Requester pays: disabled
18:36:14.878 INFO  LearnReadOrientationModel - Initializing engine
18:36:14.879 INFO  LearnReadOrientationModel - Done initializing engine
18:36:14.889 INFO  IOUtils - Extracting data from archive: file:///mnt/c/Projects/prnp-somatic/results2/spikein/mutect2_initial0_emit3/f1r2/NA99A1_undil.f1r2.tar.gz
18:36:14.901 INFO  IOUtils - Extracting file: ./NA99A1_undil.alt_histogram
18:36:14.930 INFO  IOUtils - Extracting file: ./NA99A1_undil.alt_table
18:36:14.946 INFO  IOUtils - Extracting file: ./NA99A1_undil.ref_histogram
18:36:15.667 INFO  LearnReadOrientationModel - Context AAC: with 452 ref and 234 alt examples, EM converged in 8 steps
18:36:15.895 INFO  LearnReadOrientationModel - Context AAG: with 592 ref and 275 alt examples, EM converged in 6 steps
18:36:16.060 INFO  LearnReadOrientationModel - Context AAT: with 684 ref and 349 alt examples, EM converged in 6 steps
18:36:16.298 INFO  LearnReadOrientationModel - Context ACA: with 465 ref and 410 alt examples, EM converged in 8 steps
18:36:16.503 INFO  LearnReadOrientationModel - Context ACC: with 308 ref and 241 alt examples, EM converged in 6 steps
18:36:16.751 INFO  LearnReadOrientationModel - Context ACG: with 51 ref and 71 alt examples, EM converged in 8 steps
18:36:16.872 INFO  LearnReadOrientationModel - Context ACT: with 430 ref and 219 alt examples, EM converged in 6 steps
18:36:17.006 INFO  LearnReadOrientationModel - Context AGA: with 587 ref and 355 alt examples, EM converged in 6 steps
18:36:17.128 INFO  LearnReadOrientationModel - Context AGC: with 388 ref and 263 alt examples, EM converged in 6 steps
18:36:17.321 INFO  LearnReadOrientationModel - Context AGG: with 323 ref and 418 alt examples, EM converged in 8 steps
18:36:17.447 INFO  LearnReadOrientationModel - Context ATA: with 479 ref and 241 alt examples, EM converged in 6 steps
18:36:17.566 INFO  LearnReadOrientationModel - Context ATC: with 385 ref and 176 alt examples, EM converged in 6 steps
18:36:17.673 INFO  LearnReadOrientationModel - Context ATG: with 585 ref and 225 alt examples, EM converged in 5 steps
18:36:17.789 INFO  LearnReadOrientationModel - Context CAA: with 607 ref and 229 alt examples, EM converged in 6 steps
18:36:17.902 INFO  LearnReadOrientationModel - Context CAC: with 465 ref and 190 alt examples, EM converged in 6 steps
18:36:18.015 INFO  LearnReadOrientationModel - Context CAG: with 649 ref and 265 alt examples, EM converged in 6 steps
18:36:18.185 INFO  LearnReadOrientationModel - Context CCA: with 289 ref and 516 alt examples, EM converged in 8 steps
18:36:18.341 INFO  LearnReadOrientationModel - Context CCC: with 281 ref and 345 alt examples, EM converged in 8 steps
18:36:18.512 INFO  LearnReadOrientationModel - Context CCG: with 102 ref and 92 alt examples, EM converged in 10 steps
18:36:18.643 INFO  LearnReadOrientationModel - Context CGA: with 52 ref and 69 alt examples, EM converged in 8 steps
18:36:18.805 INFO  LearnReadOrientationModel - Context CGC: with 122 ref and 70 alt examples, EM converged in 11 steps
18:36:18.876 INFO  LearnReadOrientationModel - Context CTA: with 354 ref and 141 alt examples, EM converged in 5 steps
18:36:18.986 INFO  LearnReadOrientationModel - Context CTC: with 482 ref and 226 alt examples, EM converged in 7 steps
18:36:19.080 INFO  LearnReadOrientationModel - Context GAA: with 651 ref and 267 alt examples, EM converged in 6 steps
18:36:19.168 INFO  LearnReadOrientationModel - Context GAC: with 277 ref and 139 alt examples, EM converged in 6 steps
18:36:19.287 INFO  LearnReadOrientationModel - Context GCA: with 311 ref and 341 alt examples, EM converged in 7 steps
18:36:19.427 INFO  LearnReadOrientationModel - Context GCC: with 273 ref and 262 alt examples, EM converged in 9 steps
18:36:19.522 INFO  LearnReadOrientationModel - Context GGA: with 353 ref and 302 alt examples, EM converged in 6 steps
18:36:19.608 INFO  LearnReadOrientationModel - Context GTA: with 278 ref and 162 alt examples, EM converged in 6 steps
18:36:19.687 INFO  LearnReadOrientationModel - Context TAA: with 606 ref and 224 alt examples, EM converged in 5 steps
18:36:19.781 INFO  LearnReadOrientationModel - Context TCA: with 455 ref and 429 alt examples, EM converged in 6 steps
18:36:19.885 INFO  LearnReadOrientationModel - Context AAA: with 1078 ref and 534 alt examples, EM converged in 6 steps
18:36:19.938 INFO  LearnReadOrientationModel - Shutting down engine
[September 1, 2026 at 6:36:19 PM CEST] org.broadinstitute.hellbender.tools.walkers.readorientation.LearnReadOrientationModel done. Elapsed time: 0.09 minutes.
Runtime.totalMemory()=293601280
Tool returned:
SUCCESS
Using GATK jar /home/manfredi/miniforge3/envs/prnp-spikein/share/gatk4-4.5.0.0-0/gatk-package-4.5.0.0-local.jar
Running:
    java -Dsamjdk.use_async_io_read_samtools=false -Dsamjdk.use_async_io_write_samtools=true -Dsamjdk.use_async_io_write_tribble=false -Dsamjdk.compression_level=2 -Xmx8g -Djava.io.tmpdir=results2/spikein/filtermutectcalls_initial0_emit3_original.tmp.757/work/tmp -jar /home/manfredi/miniforge3/envs/prnp-spikein/share/gatk4-4.5.0.0-0/gatk-package-4.5.0.0-local.jar FilterMutectCalls -R resources/references/snv/chr2_chr4_chr20.fasta -V results2/spikein/mutect2_initial0_emit3/vcf/NA99A1_undil.raw.vcf.gz --orientation-bias-artifact-priors results2/spikein/filtermutectcalls_initial0_emit3_original.tmp.757/orientation/NA99A1_undil.orientation.tar.gz --stats results2/spikein/mutect2_initial0_emit3/vcf/NA99A1_undil.raw.vcf.gz.stats -O results2/spikein/filtermutectcalls_initial0_emit3_original.tmp.757/filtered/NA99A1_undil.filtered.vcf.gz
18:36:22.546 INFO  NativeLibraryLoader - Loading libgkl_compression.so from jar:file:/home/manfredi/miniforge3/envs/prnp-spikein/share/gatk4-4.5.0.0-0/gatk-package-4.5.0.0-local.jar!/com/intel/gkl/native/libgkl_compression.so
18:36:22.868 INFO  FilterMutectCalls - ------------------------------------------------------------
18:36:22.873 INFO  FilterMutectCalls - The Genome Analysis Toolkit (GATK) v4.5.0.0
18:36:22.874 INFO  FilterMutectCalls - For support and documentation go to https://software.broadinstitute.org/gatk/
18:36:22.876 INFO  FilterMutectCalls - Executing as manfredi@HP-MC on Linux v6.18.33.2-microsoft-standard-WSL2 amd64
18:36:22.876 INFO  FilterMutectCalls - Java runtime: OpenJDK 64-Bit Server VM v17.0.13-internal+0-adhoc..src
18:36:22.877 INFO  FilterMutectCalls - Start Date/Time: September 1, 2026 at 6:36:22 PM CEST
18:36:22.878 INFO  FilterMutectCalls - ------------------------------------------------------------
18:36:22.879 INFO  FilterMutectCalls - ------------------------------------------------------------
18:36:22.881 INFO  FilterMutectCalls - HTSJDK Version: 4.1.0
18:36:22.882 INFO  FilterMutectCalls - Picard Version: 3.1.1
18:36:22.883 INFO  FilterMutectCalls - Built for Spark Version: 3.5.0
18:36:22.884 INFO  FilterMutectCalls - HTSJDK Defaults.COMPRESSION_LEVEL : 2
18:36:22.886 INFO  FilterMutectCalls - HTSJDK Defaults.USE_ASYNC_IO_READ_FOR_SAMTOOLS : false
18:36:22.887 INFO  FilterMutectCalls - HTSJDK Defaults.USE_ASYNC_IO_WRITE_FOR_SAMTOOLS : true
18:36:22.888 INFO  FilterMutectCalls - HTSJDK Defaults.USE_ASYNC_IO_WRITE_FOR_TRIBBLE : false
18:36:22.889 INFO  FilterMutectCalls - Deflater: IntelDeflater
18:36:22.890 INFO  FilterMutectCalls - Inflater: IntelInflater
18:36:22.892 INFO  FilterMutectCalls - GCS max retries/reopens: 20
18:36:22.893 INFO  FilterMutectCalls - Requester pays: disabled
18:36:22.894 INFO  FilterMutectCalls - Initializing engine
18:36:23.276 INFO  FeatureManager - Using codec VCFCodec to read file file:///mnt/c/Projects/prnp-somatic/results2/spikein/mutect2_initial0_emit3/vcf/NA99A1_undil.raw.vcf.gz
18:36:23.337 INFO  FilterMutectCalls - Done initializing engine
18:36:23.416 INFO  IOUtils - Extracting data from archive: file:///mnt/c/Projects/prnp-somatic/results2/spikein/filtermutectcalls_initial0_emit3_original.tmp.757/orientation/NA99A1_undil.orientation.tar.gz
18:36:23.429 INFO  IOUtils - Extracting file: ./NA99A1_undil.orientation_priors
18:36:23.507 INFO  ProgressMeter - Starting traversal
18:36:23.509 INFO  ProgressMeter -        Current Locus  Elapsed Minutes    Variants Processed  Variants/Minute
18:36:23.510 INFO  FilterMutectCalls - Starting pass 0 through the variants
18:36:23.849 INFO  FilterMutectCalls - Finished pass 0 through the variants
18:36:23.887 INFO  FilterMutectCalls - Starting pass 1 through the variants
18:36:24.014 INFO  FilterMutectCalls - Finished pass 1 through the variants
18:36:24.019 INFO  FilterMutectCalls - Starting pass 2 through the variants
18:36:24.124 INFO  FilterMutectCalls - Finished pass 2 through the variants
18:36:24.125 INFO  FilterMutectCalls - Starting pass 3 through the variants
18:36:24.272 INFO  FilterMutectCalls - Finished pass 3 through the variants
18:36:24.285 INFO  FilterMutectCalls - No variants filtered by: AllowAllVariantsVariantFilter
18:36:24.288 INFO  FilterMutectCalls - 0 read(s) filtered by: AllowAllReadsReadFilter 

18:36:24.289 INFO  ProgressMeter -             unmapped              0.0                   152          11722.4
18:36:24.290 INFO  ProgressMeter - Traversal complete. Processed 152 total variants in 0.0 minutes.
18:36:24.335 INFO  FilterMutectCalls - Shutting down engine
[September 1, 2026 at 6:36:24 PM CEST] org.broadinstitute.hellbender.tools.walkers.mutect.filtering.FilterMutectCalls done. Elapsed time: 0.03 minutes.
Runtime.totalMemory()=125829120
